2024-04-25 01:34:40 INFO  [main] edu.sysu.pmglab.test.logger.LoggerTest - 11111
2024-04-25 01:34:40 TRACE [main] edu.sysu.pmglab.test.logger.LoggerTest - 22222
